52000.0,52020.0,52020.0,64020.0,64020.0,64020.0,64119.0,84020.0,84020.0,84020.0