Send the excavator,Pack humanitarian aid,Check if all tents have a heater,Organize school for children