Distribute warm meal,Check if all tents have a heater,Organize school for children