Assignment0,Assignment2,Assignment4,Assignment7,Assignment9